// Vitest Snapshot v1

exports[`test on TodoApp > should match snapshot 1`] = `
<div>
  <h1>
    TodoApp 
    2
    , 
    <small>
      Pending: 
      1
    </small>
  </h1>
  <hr />
  <div
    class="row"
  >
    <div
      class="col-7"
    >
      <ul
        class="list-group"
      >
        <li
          class="list-group-item d-flex justify-content-between"
        >
          <span
            class="align-self-center"
          >
            Learn React
          </span>
          <button
            class="btn btn-danger"
          >
            Delete
          </button>
        </li>
        <li
          class="list-group-item d-flex justify-content-between"
        >
          <span
            class="align-self-center text-decoration-line-through"
          >
            Learn Vue
          </span>
          <button
            class="btn btn-danger"
          >
            Delete
          </button>
        </li>
      </ul>
    </div>
    <div
      class="col-5"
    >
      <h4>
        Add Todo
      </h4>
      <hr />
      <form>
        <input
          class="form-control"
          name="description"
          placeholder="Add todo..."
          type="text"
          value=""
        />
        <button
          class="btn btn-outline-primary mt-2 btn-block"
          type="submit"
        >
          Submit
        </button>
      </form>
    </div>
  </div>
</div>
`;
